../Core/Src/main.c:112:6:HAL_TIM_IC_CaptureCallback	16	static
../Core/Src/main.c:151:6:delay	16	static
../Core/Src/main.c:156:6:HCSR04_Read	8	static
../Core/Src/main.c:166:5:__io_putchar	16	static
../Core/Src/main.c:177:6:HAL_UART_RxCpltCallback	24	static
../Core/Src/main.c:197:6:HAL_TIM_PeriodElapsedCallback	16	static
../Core/Src/main.c:211:5:main	8	static
../Core/Src/main.c:316:6:SystemClock_Config	88	static
../Core/Src/main.c:366:13:MX_ETH_Init	8	static
../Core/Src/main.c:415:13:MX_TIM1_Init	40	static
../Core/Src/main.c:465:13:MX_TIM3_Init	64	static
../Core/Src/main.c:528:13:MX_TIM4_Init	40	static
../Core/Src/main.c:573:13:MX_USART3_UART_Init	8	static
../Core/Src/main.c:608:13:MX_USB_OTG_FS_PCD_Init	8	static
../Core/Src/main.c:643:13:MX_GPIO_Init	64	static
../Core/Src/main.c:713:6:Error_Handler	4	static,ignoring_inline_asm
