../Core/Src/main.c:90:6:HAL_TIM_IC_CaptureCallback	16	static
../Core/Src/main.c:129:6:delay	16	static
../Core/Src/main.c:134:6:HCSR04_Read	8	static
../Core/Src/main.c:144:5:__io_putchar	16	static
../Core/Src/main.c:155:6:HAL_UART_RxCpltCallback	24	static
../Core/Src/main.c:170:6:HAL_TIM_PeriodElapsedCallback	16	static
../Core/Src/main.c:226:5:main	8	static
../Core/Src/main.c:292:6:SystemClock_Config	88	static
../Core/Src/main.c:342:13:MX_TIM1_Init	40	static
../Core/Src/main.c:392:13:MX_TIM3_Init	64	static
../Core/Src/main.c:456:13:MX_TIM4_Init	40	static
../Core/Src/main.c:501:13:MX_USART3_UART_Init	8	static
../Core/Src/main.c:536:13:MX_USB_OTG_FS_PCD_Init	8	static
../Core/Src/main.c:571:13:MX_GPIO_Init	64	static
../Core/Src/main.c:673:6:Error_Handler	4	static,ignoring_inline_asm
