../Core/Src/main.c:106:6:HAL_TIM_IC_CaptureCallback	16	static
../Core/Src/main.c:143:6:delay	16	static
../Core/Src/main.c:148:6:HCSR04_Read	8	static
../Core/Src/main.c:157:5:__io_putchar	16	static
../Core/Src/main.c:170:6:HAL_UART_RxCpltCallback	16	static
../Core/Src/main.c:183:5:main	16	static
../Core/Src/main.c:270:6:SystemClock_Config	88	static
../Core/Src/main.c:320:13:MX_ETH_Init	8	static
../Core/Src/main.c:369:13:MX_TIM1_Init	40	static
../Core/Src/main.c:419:13:MX_TIM3_Init	64	static
../Core/Src/main.c:482:13:MX_USART3_UART_Init	8	static
../Core/Src/main.c:517:13:MX_USB_OTG_FS_PCD_Init	8	static
../Core/Src/main.c:552:13:MX_GPIO_Init	64	static
../Core/Src/main.c:622:6:Error_Handler	4	static,ignoring_inline_asm
