../Core/Src/main.c:105:6:HAL_TIM_IC_CaptureCallback	16	static
../Core/Src/main.c:142:6:delay	16	static
../Core/Src/main.c:147:6:HCSR04_Read	8	static
../Core/Src/main.c:156:5:__io_putchar	16	static
../Core/Src/main.c:173:6:HAL_UART_RxCpltCallback	24	static
../Core/Src/main.c:192:6:HAL_TIM_PeriodElapsedCallback	16	static
../Core/Src/main.c:205:5:main	8	static
../Core/Src/main.c:313:6:SystemClock_Config	88	static
../Core/Src/main.c:363:13:MX_ETH_Init	8	static
../Core/Src/main.c:412:13:MX_TIM1_Init	40	static
../Core/Src/main.c:462:13:MX_TIM3_Init	64	static
../Core/Src/main.c:525:13:MX_TIM4_Init	40	static
../Core/Src/main.c:570:13:MX_USART3_UART_Init	8	static
../Core/Src/main.c:605:13:MX_USB_OTG_FS_PCD_Init	8	static
../Core/Src/main.c:640:13:MX_GPIO_Init	64	static
../Core/Src/main.c:710:6:Error_Handler	4	static,ignoring_inline_asm
