20:53:01 **** Incremental Build of configuration Debug for project Projekt_JS ****
make -j6 all 
arm-none-eabi-gcc "../Core/Src/main.c" -mcpu=cortex-m7 -std=gnu11 -g3 -DDEBUG -DUSE_HAL_DRIVER -DSTM32F746xx -c -I../Core/Inc -I../Drivers/STM32F7xx_HAL_Driver/Inc -I../Drivers/STM32F7xx_HAL_Driver/Inc/Legacy -I../Drivers/CMSIS/Device/ST/STM32F7xx/Include -I../Drivers/CMSIS/Include -O0 -ffunction-sections -fdata-sections -Wall -fstack-usage -fcyclomatic-complexity -MMD -MP -MF"Core/Src/main.d" -MT"Core/Src/main.o" --specs=nano.specs -mfpu=fpv5-sp-d16 -mfloat-abi=hard -mthumb -o "Core/Src/main.o"
arm-none-eabi-gcc -o "Projekt_JS.elf" @"objects.list"   -mcpu=cortex-m7 -T"C:\Users\Admin\Documents\GitHub\Projekt_SM\Projekt_JS\STM32F746ZGTX_FLASH.ld" --specs=nosys.specs -Wl,-Map="Projekt_JS.map" -Wl,--gc-sections -static --specs=nano.specs -mfpu=fpv5-sp-d16 -mfloat-abi=hard -mthumb -Wl,--start-group -lc -lm -Wl,--end-group
Finished building target: Projekt_JS.elf
 
arm-none-eabi-size   Projekt_JS.elf 
arm-none-eabi-objdump -h -S  Projekt_JS.elf  > "Projekt_JS.list"
   text	   data	    bss	    dec	    hex	filename
  33420	    124	   3604	  37148	   911c	Projekt_JS.elf
Finished building: default.size.stdout
 
Finished building: Projekt_JS.list
 

20:53:02 Build Finished. 0 errors, 0 warnings. (took 979ms)

