06:59:51 **** Incremental Build of configuration Debug for project TestDistance5 ****
make -j6 all 
arm-none-eabi-gcc "../Core/Src/main.c" -mcpu=cortex-m7 -std=gnu11 -g3 -DDEBUG -DUSE_HAL_DRIVER -DSTM32F746xx -c -I../Core/Inc -I../Drivers/STM32F7xx_HAL_Driver/Inc -I../Drivers/STM32F7xx_HAL_Driver/Inc/Legacy -I../Drivers/CMSIS/Device/ST/STM32F7xx/Include -I../Drivers/CMSIS/Include -O0 -ffunction-sections -fdata-sections -Wall -fstack-usage -fcyclomatic-complexity -MMD -MP -MF"Core/Src/main.d" -MT"Core/Src/main.o" --specs=nano.specs -mfpu=fpv5-sp-d16 -mfloat-abi=hard -mthumb -o "Core/Src/main.o"
../Core/Src/main.c: In function 'HAL_UART_RxCpltCallback':
../Core/Src/main.c:179:21: warning: unused variable 'p2' [-Wunused-variable]
  179 |                 int p2 = 400;
      |                     ^~
../Core/Src/main.c:178:21: warning: unused variable 'p1' [-Wunused-variable]
  178 |                 int p1 = 400;
      |                     ^~
arm-none-eabi-gcc -o "TestDistance5.elf" @"objects.list"   -mcpu=cortex-m7 -T"C:\Users\Admin\Documents\GitHub\Projekt_SM\TestDistance5\STM32F746ZGTX_FLASH.ld" --specs=nosys.specs -Wl,-Map="TestDistance5.map" -Wl,--gc-sections -static --specs=nano.specs -mfpu=fpv5-sp-d16 -mfloat-abi=hard -mthumb -Wl,--start-group -lc -lm -Wl,--end-group
Finished building target: TestDistance5.elf
 
arm-none-eabi-size   TestDistance5.elf 
arm-none-eabi-objdump -h -S  TestDistance5.elf  > "TestDistance5.list"
   text	   data	    bss	    dec	    hex	filename
  34664	    444	   3772	  38880	   97e0	TestDistance5.elf
Finished building: default.size.stdout
 
Finished building: TestDistance5.list
 

06:59:52 Build Finished. 0 errors, 2 warnings. (took 1s.29ms)

